// Jest Snapshot v1, https://goo.gl/fbAQLP

exports[`Header component with Snapshot Testing shows custom text and image 1`] = `
<header
  className="Header-s1qosm5-0 dbhoxp"
>
  <div
    className="Header__HeaderContent-s1qosm5-1 vBaYh"
  >
    <h1
      className="Header__Title-s1qosm5-2 dnbrvZ"
    >
      BLOG
    </h1>
  </div>
  <picture
    className="Image__Picture-s1ifvl2x-0 elFaZh"
  >
    <source
      srcSet="/static/images/posts/http://localhost:3000/static/images/posts/1*Wmv8hfi_bTHuHyV5CawnCw.webp"
      type="image/webp"
    />
    <source
      srcSet="/static/images/posts/http://localhost:3000/static/images/posts/1*Wmv8hfi_bTHuHyV5CawnCw.jpg"
      type="image/jpg"
    />
    <img
      alt=""
      className="Image-s1ifvl2x-1 jXqHhq"
      data-source-url=""
      src="/static/images/posts/http://localhost:3000/static/images/posts/1*Wmv8hfi_bTHuHyV5CawnCw.jpg"
    />
  </picture>
</header>
`;
